ℹ [6663/6664] Replayed StateCut
info: ././././StateCut.lean:13:0: 'StateCut.signed_term_bounds' depends on axioms: [propext, Classical.choice, Quot.sound]
info: ././././StateCut.lean:14:0: 'StateCut.signed_block_bounds' depends on axioms: [propext, Classical.choice, Quot.sound]
info: ././././StateCut.lean:15:0: 'StateCut.mass_bounds' depends on axioms: [propext, Classical.choice, Quot.sound]
info: ././././StateCut.lean:16:0: 'StateCut.dot_box' depends on axioms: [propext, Classical.choice, Quot.sound]
info: ././././StateCut.lean:17:0: 'StateCut.exp_weight_bounds' depends on axioms: [propext, Classical.choice, Quot.sound]
info: ././././StateCut.lean:18:0: 'StateCut.ratio_from_cross_checks' depends on axioms: [propext, Classical.choice, Quot.sound]
info: ././././StateCut.lean:19:0: 'StateCut.rounding_cut' does not depend on any axioms
info: ././././StateCut.lean:20:0: 'StateCut.argmax_certificate' depends on axioms: [propext, Classical.choice, Quot.sound]
info: ././././StateCut.lean:21:0: 'StateCut.certified_greedy_equals_reference' depends on axioms: [propext, Classical.choice, Quot.sound]
info: ././././StateCut.lean:22:0: 'StateCut.all_future_equal' depends on axioms: [propext, Quot.sound]
info: ././././StateCut.lean:23:0: 'StateCut.state_frontier' does not depend on any axioms
info: ././././StateCut.lean:25:0: 'StateCut.summary_to_exact_cut' depends on axioms: [propext, Classical.choice, Quot.sound]
info: ././././StateCut.lean:26:0: 'StateCut.checked_cut_transition' depends on axioms: [Quot.sound]
info: ././././StateCut.lean:27:0: 'StateCut.rationalArgmaxGate_sound' depends on axioms: [propext, Classical.choice, Quot.sound]
info: ././././StateCut.lean:29:0: 'StateCut.abs_chord_mul' depends on axioms: [propext, Classical.choice, Quot.sound]
info: ././././StateCut.lean:30:0: 'StateCut.abs_chord_sum' depends on axioms: [propext, Classical.choice, Quot.sound]
info: ././././StateCut.lean:31:0: 'StateCut.centered_residual_bound' depends on axioms: [propext, Classical.choice, Quot.sound]
info: ././././StateCut.lean:32:0: 'StateCut.moment_residual_sound' depends on axioms: [propext, Classical.choice, Quot.sound]
info: ././././StateCut.lean:33:0: 'StateCut.residual_lower' depends on axioms: [propext, Classical.choice, Quot.sound]
info: ././././StateCut.lean:34:0: 'StateCut.residual_upper' depends on axioms: [propext, Classical.choice, Quot.sound]
info: ././././StateCut.lean:35:0: 'StateCut.backend_bridge_gate' depends on axioms: [propext, Classical.choice, Quot.sound]
info: ././././StateCut.lean:36:0: 'StateCut.disjoint_split_sum' depends on axioms: [propext, Classical.choice, Quot.sound]
info: ././././StateCut.lean:37:0: 'StateCut.frontier_sum_bounds' depends on axioms: [propext, Classical.choice, Quot.sound]
info: ././././StateCut.lean:38:0: 'StateCut.singleton_writes' depends on axioms: [propext, Classical.choice, Quot.sound]
info: ././././StateCut.lean:39:0: 'StateCut.checked_write_frontier' depends on axioms: [propext, Classical.choice, Quot.sound]
info: ././././StateCut.lean:40:0: 'StateCut.write_frontier_future' depends on axioms: [propext, Quot.sound]
info: ././././StateCut.lean:42:0: 'StateCut.moment_to_exact_cut' depends on axioms: [propext, Classical.choice, Quot.sound]
info: ././././StateCut.lean:43:0: 'StateCut.chordEnvelope_shift' depends on axioms: [propext, Classical.choice, Quot.sound]
info: ././././StateCut.lean:44:0: 'StateCut.residualCenter_shift' depends on axioms: [propext, Classical.choice, Quot.sound]
info: ././././StateCut.lean:45:0: 'StateCut.moment_residual_bounds' depends on axioms: [propext, Classical.choice, Quot.sound]
info: ././././StateCut.lean:46:0: 'StateCut.residual_cell_membership' depends on axioms: [propext, Classical.choice, Quot.sound]
info: ././././StateCut.lean:47:0: 'StateCut.residual_to_cell' depends on axioms: [propext, Classical.choice, Quot.sound]
info: ././././StateCut.lean:48:0: 'StateCut.moment_to_cell' depends on axioms: [propext, Classical.choice, Quot.sound]
info: ././././StateCut.lean:49:0: 'StateCut.backend_bridge_cell' depends on axioms: [propext, Classical.choice, Quot.sound]
info: ././././StateCut.lean:50:0: 'StateCut.finite_positive_part_bound' depends on axioms: [propext, Classical.choice, Quot.sound]
info: ././././StateCut.lean:51:0: 'StateCut.finite_abs_sum_bound' depends on axioms: [propext, Classical.choice, Quot.sound]
info: ././././StateCut.lean:52:0: 'StateCut.finite_residual_bound' depends on axioms: [propext, Classical.choice, Quot.sound]
info: ././././StateCut.lean:53:0: 'StateCut.finite_envelope_le_chord' depends on axioms: [propext, Classical.choice, Quot.sound]
info: ././././StateCut.lean:54:0: 'StateCut.finite_envelope_attained' depends on axioms: [propext, Classical.choice, Quot.sound]
info: ././././StateCut.lean:55:0: 'StateCut.floor_remainder_contract' depends on axioms: [propext, Classical.choice, Quot.sound]
info: ././././StateCut.lean:56:0: 'StateCut.finite_to_cell' depends on axioms: [propext, Classical.choice, Quot.sound]
info: ././././StateCut.lean:57:0: 'StateCut.residual_upper_attained' depends on axioms: [propext, Classical.choice, Quot.sound]
info: ././././StateCut.lean:58:0: 'StateCut.residual_lower_attained' depends on axioms: [propext, Classical.choice, Quot.sound]
Build completed successfully.
