STATECUT_AUDIT {"name":"StateCut.IsGreedy","kind":"definition","dependencies":["propext","Quot.sound","Classical.choice"]}
STATECUT_AUDIT {"name":"StateCut.abs_chord_mul","kind":"theorem","dependencies":["propext","Quot.sound","Classical.choice"]}
STATECUT_AUDIT {"name":"StateCut.abs_chord_sum","kind":"theorem","dependencies":["propext","Quot.sound","Classical.choice"]}
STATECUT_AUDIT {"name":"StateCut.abs_chord_sum._proof_1","kind":"theorem","dependencies":["propext","Quot.sound"]}
STATECUT_AUDIT {"name":"StateCut.abs_chord_sum._proof_2","kind":"theorem","dependencies":["propext","Quot.sound"]}
STATECUT_AUDIT {"name":"StateCut.abs_eq_two_max_sub","kind":"theorem","dependencies":["propext","Quot.sound","Classical.choice"]}
STATECUT_AUDIT {"name":"StateCut.all_future_equal","kind":"theorem","dependencies":["Quot.sound","propext"]}
STATECUT_AUDIT {"name":"StateCut.argmax_certificate","kind":"theorem","dependencies":["propext","Quot.sound","Classical.choice"]}
STATECUT_AUDIT {"name":"StateCut.argmax_certificate._proof_1","kind":"theorem","dependencies":["propext","Quot.sound"]}
STATECUT_AUDIT {"name":"StateCut.backend_bridge_cell","kind":"theorem","dependencies":["propext","Quot.sound","Classical.choice"]}
STATECUT_AUDIT {"name":"StateCut.backend_bridge_gate","kind":"theorem","dependencies":["propext","Quot.sound","Classical.choice"]}
STATECUT_AUDIT {"name":"StateCut.balanced_margin","kind":"theorem","dependencies":["propext","Quot.sound","Classical.choice"]}
STATECUT_AUDIT {"name":"StateCut.cellLower","kind":"definition","dependencies":["propext","Quot.sound","Classical.choice"]}
STATECUT_AUDIT {"name":"StateCut.cellLower.eq_1","kind":"theorem","dependencies":["propext","Quot.sound","Classical.choice"]}
STATECUT_AUDIT {"name":"StateCut.cellUpper","kind":"definition","dependencies":["propext","Quot.sound","Classical.choice"]}
STATECUT_AUDIT {"name":"StateCut.cellUpper.eq_1","kind":"theorem","dependencies":["propext","Quot.sound","Classical.choice"]}
STATECUT_AUDIT {"name":"StateCut.centered_first_moment","kind":"theorem","dependencies":["propext","Quot.sound","Classical.choice"]}
STATECUT_AUDIT {"name":"StateCut.centered_residual_bound","kind":"theorem","dependencies":["propext","Quot.sound","Classical.choice"]}
STATECUT_AUDIT {"name":"StateCut.certified_greedy_equals_reference","kind":"theorem","dependencies":["propext","Quot.sound","Classical.choice"]}
STATECUT_AUDIT {"name":"StateCut.checked_cut_transition","kind":"theorem","dependencies":["Quot.sound"]}
STATECUT_AUDIT {"name":"StateCut.checked_write_frontier","kind":"theorem","dependencies":["propext","Quot.sound","Classical.choice"]}
STATECUT_AUDIT {"name":"StateCut.chordEnvelope","kind":"definition","dependencies":["propext","Quot.sound","Classical.choice"]}
STATECUT_AUDIT {"name":"StateCut.chordEnvelope.eq_1","kind":"theorem","dependencies":["propext","Quot.sound","Classical.choice"]}
STATECUT_AUDIT {"name":"StateCut.chordEnvelope_shift","kind":"theorem","dependencies":["propext","Quot.sound","Classical.choice"]}
STATECUT_AUDIT {"name":"StateCut.constant_value_residual","kind":"theorem","dependencies":["propext","Quot.sound","Classical.choice"]}
STATECUT_AUDIT {"name":"StateCut.constant_weight_attention","kind":"theorem","dependencies":["propext","Quot.sound","Classical.choice"]}
STATECUT_AUDIT {"name":"StateCut.disjoint_split_count","kind":"theorem","dependencies":["propext","Quot.sound","Classical.choice"]}
STATECUT_AUDIT {"name":"StateCut.disjoint_split_sum","kind":"theorem","dependencies":["propext","Quot.sound","Classical.choice"]}
STATECUT_AUDIT {"name":"StateCut.dot_box","kind":"theorem","dependencies":["propext","Quot.sound","Classical.choice"]}
STATECUT_AUDIT {"name":"StateCut.exact_cut_suffix","kind":"theorem","dependencies":[]}
STATECUT_AUDIT {"name":"StateCut.exp_weight_bounds","kind":"theorem","dependencies":["propext","Quot.sound","Classical.choice"]}
STATECUT_AUDIT {"name":"StateCut.filteredStep","kind":"definition","dependencies":[]}
STATECUT_RUNTIME_AUX "StateCut.filteredStep._cstage1"
STATECUT_RUNTIME_AUX "StateCut.filteredStep._cstage2"
STATECUT_RUNTIME_AUX "StateCut.filteredStep._rarg._cstage2"
STATECUT_AUDIT {"name":"StateCut.filteredStep.eq_1","kind":"theorem","dependencies":[]}
STATECUT_AUDIT {"name":"StateCut.filteredStep_eq","kind":"theorem","dependencies":["Quot.sound","propext"]}
STATECUT_AUDIT {"name":"StateCut.finiteEnvelope","kind":"definition","dependencies":["propext","Quot.sound","Classical.choice"]}
STATECUT_AUDIT {"name":"StateCut.finite_abs_sum_bound","kind":"theorem","dependencies":["propext","Quot.sound","Classical.choice"]}
STATECUT_AUDIT {"name":"StateCut.finite_abs_sum_bound._proof_1","kind":"theorem","dependencies":["propext","Quot.sound"]}
STATECUT_AUDIT {"name":"StateCut.finite_envelope_attained","kind":"theorem","dependencies":["propext","Quot.sound","Classical.choice"]}
STATECUT_AUDIT {"name":"StateCut.finite_envelope_attained._proof_1","kind":"theorem","dependencies":["propext","Quot.sound"]}
STATECUT_AUDIT {"name":"StateCut.finite_envelope_attained._proof_2","kind":"theorem","dependencies":["propext","Quot.sound"]}
STATECUT_AUDIT {"name":"StateCut.finite_envelope_attained._proof_3","kind":"theorem","dependencies":["propext"]}
STATECUT_AUDIT {"name":"StateCut.finite_envelope_attained._proof_4","kind":"theorem","dependencies":["propext"]}
STATECUT_AUDIT {"name":"StateCut.finite_envelope_attained._proof_5","kind":"theorem","dependencies":["propext"]}
STATECUT_AUDIT {"name":"StateCut.finite_envelope_le_chord","kind":"theorem","dependencies":["propext","Quot.sound","Classical.choice"]}
STATECUT_AUDIT {"name":"StateCut.finite_positive_part_bound","kind":"theorem","dependencies":["propext","Quot.sound","Classical.choice"]}
STATECUT_AUDIT {"name":"StateCut.finite_positive_part_bound._proof_1","kind":"theorem","dependencies":["propext","Quot.sound","Classical.choice"]}
STATECUT_AUDIT {"name":"StateCut.finite_residual_bound","kind":"theorem","dependencies":["propext","Quot.sound","Classical.choice"]}
STATECUT_AUDIT {"name":"StateCut.finite_to_cell","kind":"theorem","dependencies":["propext","Quot.sound","Classical.choice"]}
STATECUT_AUDIT {"name":"StateCut.first_moment_shift","kind":"theorem","dependencies":["propext","Quot.sound","Classical.choice"]}
STATECUT_AUDIT {"name":"StateCut.floor_remainder_contract","kind":"theorem","dependencies":["propext","Quot.sound","Classical.choice"]}
STATECUT_AUDIT {"name":"StateCut.frontier_sum_bounds","kind":"theorem","dependencies":["propext","Quot.sound","Classical.choice"]}
STATECUT_AUDIT {"name":"StateCut.greedy_unique","kind":"theorem","dependencies":["propext","Quot.sound","Classical.choice"]}
STATECUT_AUDIT {"name":"StateCut.half_width_deviation","kind":"theorem","dependencies":["propext","Quot.sound","Classical.choice"]}
STATECUT_AUDIT {"name":"StateCut.indistinguishable_observations","kind":"theorem","dependencies":[]}
STATECUT_AUDIT {"name":"StateCut.intersect_preserves","kind":"theorem","dependencies":["propext","Quot.sound","Classical.choice"]}
STATECUT_AUDIT {"name":"StateCut.mass_bounds","kind":"theorem","dependencies":["propext","Quot.sound","Classical.choice"]}
STATECUT_AUDIT {"name":"StateCut.moment_residual_bounds","kind":"theorem","dependencies":["propext","Quot.sound","Classical.choice"]}
STATECUT_AUDIT {"name":"StateCut.moment_residual_sound","kind":"theorem","dependencies":["propext","Quot.sound","Classical.choice"]}
STATECUT_AUDIT {"name":"StateCut.moment_to_cell","kind":"theorem","dependencies":["propext","Quot.sound","Classical.choice"]}
STATECUT_AUDIT {"name":"StateCut.moment_to_exact_cut","kind":"theorem","dependencies":["propext","Quot.sound","Classical.choice"]}
STATECUT_AUDIT {"name":"StateCut.monotone_weight_bounds","kind":"theorem","dependencies":["propext","Quot.sound","Classical.choice"]}
STATECUT_AUDIT {"name":"StateCut.ratio_from_cross_checks","kind":"theorem","dependencies":["propext","Quot.sound","Classical.choice"]}
STATECUT_AUDIT {"name":"StateCut.rationalArgmaxGate","kind":"definition","dependencies":["propext"]}
STATECUT_RUNTIME_AUX "StateCut.rationalArgmaxGate._cstage1"
STATECUT_RUNTIME_AUX "StateCut.rationalArgmaxGate._cstage2"
STATECUT_RUNTIME_AUX "StateCut.rationalArgmaxGate._lambda_1._cstage2"
STATECUT_RUNTIME_AUX "StateCut.rationalArgmaxGate._lambda_2._cstage2"
STATECUT_RUNTIME_AUX "StateCut.rationalArgmaxGate._lambda_3._cstage2"
STATECUT_RUNTIME_AUX "StateCut.rationalArgmaxGate._lambda_4._cstage2"
STATECUT_RUNTIME_AUX "StateCut.rationalArgmaxGate._lambda_5._cstage2"
STATECUT_AUDIT {"name":"StateCut.rationalArgmaxGate_sound","kind":"theorem","dependencies":["propext","Classical.choice","Quot.sound"]}
STATECUT_AUDIT {"name":"StateCut.rationalArgmaxGate_sound._proof_1","kind":"theorem","dependencies":["propext","Quot.sound"]}
STATECUT_AUDIT {"name":"StateCut.residualCenter","kind":"definition","dependencies":["propext","Quot.sound","Classical.choice"]}
STATECUT_AUDIT {"name":"StateCut.residualCenter._proof_1","kind":"theorem","dependencies":[]}
STATECUT_AUDIT {"name":"StateCut.residualCenter.eq_1","kind":"theorem","dependencies":["propext","Quot.sound","Classical.choice"]}
STATECUT_AUDIT {"name":"StateCut.residualCenter_shift","kind":"theorem","dependencies":["propext","Quot.sound","Classical.choice"]}
STATECUT_AUDIT {"name":"StateCut.residual_cell_membership","kind":"theorem","dependencies":["propext","Quot.sound","Classical.choice"]}
STATECUT_AUDIT {"name":"StateCut.residual_center_identity","kind":"theorem","dependencies":["propext","Quot.sound","Classical.choice"]}
STATECUT_AUDIT {"name":"StateCut.residual_lower","kind":"theorem","dependencies":["propext","Quot.sound","Classical.choice"]}
STATECUT_AUDIT {"name":"StateCut.residual_lower_attained","kind":"theorem","dependencies":["propext","Quot.sound","Classical.choice"]}
STATECUT_AUDIT {"name":"StateCut.residual_lower_strict","kind":"theorem","dependencies":["propext","Quot.sound","Classical.choice"]}
STATECUT_AUDIT {"name":"StateCut.residual_sum_identity","kind":"theorem","dependencies":["propext","Quot.sound","Classical.choice"]}
STATECUT_AUDIT {"name":"StateCut.residual_to_cell","kind":"theorem","dependencies":["propext","Quot.sound","Classical.choice"]}
STATECUT_AUDIT {"name":"StateCut.residual_upper","kind":"theorem","dependencies":["propext","Quot.sound","Classical.choice"]}
STATECUT_AUDIT {"name":"StateCut.residual_upper_attained","kind":"theorem","dependencies":["propext","Quot.sound","Classical.choice"]}
STATECUT_AUDIT {"name":"StateCut.residual_upper_strict","kind":"theorem","dependencies":["propext","Quot.sound","Classical.choice"]}
STATECUT_AUDIT {"name":"StateCut.rounding_cut","kind":"theorem","dependencies":[]}
STATECUT_AUDIT {"name":"StateCut.run","kind":"definition","dependencies":[]}
STATECUT_RUNTIME_AUX "StateCut.run._cstage1"
STATECUT_RUNTIME_AUX "StateCut.run._cstage2"
STATECUT_RUNTIME_AUX "StateCut.run._rarg._cstage2"
STATECUT_AUDIT {"name":"StateCut.run._sunfold","kind":"definition","dependencies":[]}
STATECUT_AUDIT {"name":"StateCut.run._unsafe_rec","kind":"definition","dependencies":[]}
STATECUT_AUDIT {"name":"StateCut.run.match_1","kind":"definition","dependencies":[]}
STATECUT_RUNTIME_AUX "StateCut.run.match_1._cstage1"
STATECUT_AUDIT {"name":"StateCut.signed_block_bounds","kind":"theorem","dependencies":["propext","Quot.sound","Classical.choice"]}
STATECUT_AUDIT {"name":"StateCut.signed_block_bounds._proof_1","kind":"theorem","dependencies":["propext","Quot.sound"]}
STATECUT_AUDIT {"name":"StateCut.signed_term_bounds","kind":"theorem","dependencies":["propext","Quot.sound","Classical.choice"]}
STATECUT_AUDIT {"name":"StateCut.singleton_writes","kind":"theorem","dependencies":["propext","Quot.sound","Classical.choice"]}
STATECUT_AUDIT {"name":"StateCut.split_preserves_bounds","kind":"theorem","dependencies":["propext","Quot.sound","Classical.choice"]}
STATECUT_AUDIT {"name":"StateCut.state_frontier","kind":"theorem","dependencies":[]}
STATECUT_AUDIT {"name":"StateCut.summary_to_exact_cut","kind":"theorem","dependencies":["propext","Quot.sound","Classical.choice"]}
STATECUT_AUDIT {"name":"StateCut.terminal_cut","kind":"theorem","dependencies":[]}
STATECUT_AUDIT {"name":"StateCut.token_only_is_insufficient","kind":"theorem","dependencies":[]}
STATECUT_AUDIT {"name":"StateCut.unobserved_transient_is_irrelevant","kind":"theorem","dependencies":[]}
STATECUT_AUDIT {"name":"StateCut.vector_rounding_cut","kind":"theorem","dependencies":["Quot.sound"]}
STATECUT_AUDIT {"name":"StateCut.write_frontier_future","kind":"theorem","dependencies":["Quot.sound","propext"]}
