info: statecut: no previous manifest, creating one from scratch
info: mathlib: cloning https://github.com/leanprover-community/mathlib4.git
info: mathlib: checking out revision 'c44e0c8ee63ca166450922a373c7409c5d26b00b'
info: toolchain not updated; already up-to-date
info: plausible: cloning https://github.com/leanprover-community/plausible
info: plausible: checking out revision '77e08eddc486491d7b9e470926b3dbe50319451a'
info: LeanSearchClient: cloning https://github.com/leanprover-community/LeanSearchClient
info: LeanSearchClient: checking out revision '25078369972d295301f5a1e53c3e5850cf6d9d4c'
info: importGraph: cloning https://github.com/leanprover-community/import-graph
info: importGraph: checking out revision 'e6a9f0f5ee3ccf7443a0070f92b62f8db12ae82b'
info: proofwidgets: cloning https://github.com/leanprover-community/ProofWidgets4
info: proofwidgets: checking out revision 'c4919189477c3221e6a204008998b0d724f49904'
info: aesop: cloning https://github.com/leanprover-community/aesop
info: aesop: checking out revision '5d50b08dedd7d69b3d9b3176e0d58a23af228884'
info: Qq: cloning https://github.com/leanprover-community/quote4
info: Qq: checking out revision 'fa4f7f15d97591a9cf3aa7724ba371c7fc6dda02'
info: batteries: cloning https://github.com/leanprover-community/batteries
info: batteries: checking out revision 'f5d04a9c4973d401c8c92500711518f7c656f034'
info: Cli: cloning https://github.com/leanprover/lean4-cli
info: Cli: checking out revision '02dbd02bc00ec4916e99b04b2245b30200e200d0'
info: mathlib: running post-update hooks
✔ [2/12] Built Cache.Lean
✔ [3/12] Built Cache.Lean:c.o
✔ [4/12] Built Cache.IO
✔ [5/12] Built Cache.Hashing
✔ [6/12] Built Cache.Requests
✔ [7/12] Built Cache.Hashing:c.o
✔ [8/12] Built Cache.Main
✔ [9/12] Built Cache.IO:c.o
✔ [10/12] Built Cache.Requests:c.o
✔ [11/12] Built Cache.Main:c.o
✔ [12/12] Built cache
No files to download
Decompressing 6641 file(s)
Unpacked in 1830 ms
Completed successfully!
No files to download
Decompressing 6641 file(s)
Unpacked in 56 ms
Completed successfully!
✔ [6653/6662] Built StateCut.State
✔ [6654/6662] Built StateCut.Frontier
✔ [6655/6662] Built StateCut.Cuts
✔ [6656/6662] Built StateCut.Residual
⚠ [6657/6662] Built StateCut.Bounds
warning: ././././StateCut/Bounds.lean:108:22: Used `tac1 <;> tac2` where `(tac1; tac2)` would suffice
note: this linter can be disabled with `set_option linter.unnecessarySeqFocus false`
✔ [6658/6662] Built StateCut.WriteFrontier
✖ [6659/6662] Building StateCut.ResidualCut
trace: .> LEAN_PATH=././.lake/packages/Cli/.lake/build/lib/lean:././.lake/packages/batteries/.lake/build/lib/lean:././.lake/packages/Qq/.lake/build/lib/lean:././.lake/packages/aesop/.lake/build/lib/lean:././.lake/packages/proofwidgets/.lake/build/lib/lean:././.lake/packages/importGraph/.lake/build/lib/lean:././.lake/packages/LeanSearchClient/.lake/build/lib/lean:././.lake/packages/plausible/.lake/build/lib/lean:././.lake/packages/mathlib/.lake/build/lib/lean:././.lake/build/lib/lean /home/ubuntu/.elan/toolchains/leanprover--lean4---v4.19.0/bin/lean ././././StateCut/ResidualCut.lean -R ./././. -o ././.lake/build/lib/lean/StateCut/ResidualCut.olean -i ././.lake/build/lib/lean/StateCut/ResidualCut.ilean -c ././.lake/build/ir/StateCut/ResidualCut.c --json
error: ././././StateCut/ResidualCut.lean:7:4: failed to compile definition, consider marking it as 'noncomputable' because it depends on 'Real.instDivInvMonoid', and it does not have executable code
error: ././././StateCut/ResidualCut.lean:11:4: failed to compile definition, consider marking it as 'noncomputable' because it depends on 'Real.instDivInvMonoid', and it does not have executable code
error: Lean exited with code 1
✔ [6660/6662] Built StateCut.Composition
Some required builds logged failures:
- StateCut.ResidualCut
error: build failed
